********************************************************************************
Field Output Report, written Sat Jan 12 19:44:04 2019

Source 1
---------

   ODB: C:/AbaqusTemp/Job-flatsheet_avg_at_node.odb
   Step: Step-1
   Frame: Increment      0: Step Time =    0.000

Loc 1 : Nodal values from source 1

Output sorted by column "Node Label".

Field Output reported at nodes for part: PART-1-1

       Node Label  COORD.Magnitude      COORD.COOR1      COORD.COOR2      COORD.COOR3     UR.Magnitude           UR.UR1           UR.UR2           UR.UR3
                            @Loc 1           @Loc 1           @Loc 1           @Loc 1           @Loc 1           @Loc 1           @Loc 1           @Loc 1
----------------------------------------------------------------------------------------------------------------------------------------------------------
                1       55.9016991              50.              25.               0.               0.               0.               0.               0.
                2       47.1699066              40.              25.               0.               0.               0.               0.               0.
                3       39.0512466              30.              25.               0.               0.               0.               0.               0.
                4       32.0156212              20.              25.               0.               0.               0.               0.               0.
                5       26.9258232              10.              25.               0.               0.               0.               0.               0.
                6              25.               0.              25.               0.               0.               0.               0.               0.
                7       26.9258232             -10.              25.               0.               0.               0.               0.               0.
                8       32.0156212             -20.              25.               0.               0.               0.               0.               0.
                9       39.0512466             -30.              25.               0.               0.               0.               0.               0.
               10       47.1699066             -40.              25.               0.               0.               0.               0.               0.
               11       55.9016991             -50.              25.               0.               0.               0.               0.               0.
               12       52.2015343              50.              15.               0.               0.               0.               0.               0.
               13       42.7200203              40.              15.               0.               0.               0.               0.               0.
               14       33.5410194              30.              15.               0.               0.               0.               0.               0.
               15              25.              20.              15.               0.               0.               0.               0.               0.
               16       18.0277557              10.              15.               0.               0.               0.               0.               0.
               17              15.               0.              15.               0.               0.               0.               0.               0.
               18       18.0277557             -10.              15.               0.               0.               0.               0.               0.
               19              25.             -20.              15.               0.               0.               0.               0.               0.
               20       33.5410194             -30.              15.               0.               0.               0.               0.               0.
               21       42.7200203             -40.              15.               0.               0.               0.               0.               0.
               22       52.2015343             -50.              15.               0.               0.               0.               0.               0.
               23       50.2493782              50.               5.               0.               0.               0.               0.               0.
               24       40.3112869              40.               5.               0.               0.               0.               0.               0.
               25       30.4138126              30.               5.               0.               0.               0.               0.               0.
               26       20.6155281              20.               5.               0.               0.               0.               0.               0.
               27       11.1803398              10.               5.               0.               0.               0.               0.               0.
               28               5.               0.               5.               0.               0.               0.               0.               0.
               29       11.1803398             -10.               5.               0.               0.               0.               0.               0.
               30       20.6155281             -20.               5.               0.               0.               0.               0.               0.
               31       30.4138126             -30.               5.               0.               0.               0.               0.               0.
               32       40.3112869             -40.               5.               0.               0.               0.               0.               0.
               33       50.2493782             -50.               5.               0.               0.               0.               0.               0.
               34       50.2493782              50.              -5.               0.               0.               0.               0.               0.
               35       40.3112869              40.              -5.               0.               0.               0.               0.               0.
               36       30.4138126              30.              -5.               0.               0.               0.               0.               0.
               37       20.6155281              20.              -5.               0.               0.               0.               0.               0.
               38       11.1803398              10.              -5.               0.               0.               0.               0.               0.
               39               5.               0.              -5.               0.               0.               0.               0.               0.
               40       11.1803398             -10.              -5.               0.               0.               0.               0.               0.
               41       20.6155281             -20.              -5.               0.               0.               0.               0.               0.
               42       30.4138126             -30.              -5.               0.               0.               0.               0.               0.
               43       40.3112869             -40.              -5.               0.               0.               0.               0.               0.
               44       50.2493782             -50.              -5.               0.               0.               0.               0.               0.
               45       52.2015343              50.             -15.               0.               0.               0.               0.               0.
               46       42.7200203              40.             -15.               0.               0.               0.               0.               0.
               47       33.5410194              30.             -15.               0.               0.               0.               0.               0.
               48              25.              20.             -15.               0.               0.               0.               0.               0.
               49       18.0277557              10.             -15.               0.               0.               0.               0.               0.
               50              15.               0.             -15.               0.               0.               0.               0.               0.
               51       18.0277557             -10.             -15.               0.               0.               0.               0.               0.
               52              25.             -20.             -15.               0.               0.               0.               0.               0.
               53       33.5410194             -30.             -15.               0.               0.               0.               0.               0.
               54       42.7200203             -40.             -15.               0.               0.               0.               0.               0.
               55       52.2015343             -50.             -15.               0.               0.               0.               0.               0.
               56       55.9016991              50.             -25.               0.               0.               0.               0.               0.
               57       47.1699066              40.             -25.               0.               0.               0.               0.               0.
               58       39.0512466              30.             -25.               0.               0.               0.               0.               0.
               59       32.0156212              20.             -25.               0.               0.               0.               0.               0.
               60       26.9258232              10.             -25.               0.               0.               0.               0.               0.
               61              25.               0.             -25.               0.               0.               0.               0.               0.
               62       26.9258232             -10.             -25.               0.               0.               0.               0.               0.
               63       32.0156212             -20.             -25.               0.               0.               0.               0.               0.
               64       39.0512466             -30.             -25.               0.               0.               0.               0.               0.
               65       47.1699066             -40.             -25.               0.               0.               0.               0.               0.
               66       55.9016991             -50.             -25.               0.               0.               0.               0.               0.


  Minimum                       5.             -50.             -25.               0.               0.               0.               0.               0.
          At Node               39               66               66               66               66               66               66               66

  Maximum               55.9016991              50.              25.               0.               0.               0.               0.               0.
          At Node               66               56               11               66               66               66               66               66

            Total   2.19129989E+03               0.               0.               0.               0.               0.               0.               0.


